=========================================================================

  JBoss Bootstrap Environment

  JBOSS_HOME: /home/maxkarn/Desktop/wildfly/wildfly-39.0.1.Final

  JAVA: java

  JAVA_OPTS:  -Djdk.serialFilter="maxbytes=10485760;maxdepth=128;maxarray=100000;maxrefs=300000" -Xms64m -Xmx512m -Djava.net.preferIPv4Stack=true -Djboss.modules.system.pkgs=org.jboss.byteman -Djava.awt.headless=true  --add-exports=java.desktop/sun.awt=ALL-UNNAMED --add-exports=java.naming/com.sun.jndi.ldap=ALL-UNNAMED --add-exports=java.naming/com.sun.jndi.url.ldap=ALL-UNNAMED --add-exports=java.naming/com.sun.jndi.url.ldaps=ALL-UNNAMED --add-exports=jdk.naming.dns/com.sun.jndi.dns=ALL-UNNAMED --add-opens=java.base/java.lang=ALL-UNNAMED --add-opens=java.base/java.lang.invoke=ALL-UNNAMED --add-opens=java.base/java.lang.reflect=ALL-UNNAMED --add-opens=java.base/java.io=ALL-UNNAMED --add-opens=java.base/java.net=ALL-UNNAMED --add-opens=java.base/java.security=ALL-UNNAMED --add-opens=java.base/java.util=ALL-UNNAMED --add-opens=java.base/java.util.concurrent=ALL-UNNAMED --add-opens=java.management/javax.management=ALL-UNNAMED --add-opens=java.naming/javax.naming=ALL-UNNAMED

=========================================================================

[0m16:10:56,123 INFO  [org.jboss.modules] (main) JBoss Modules version 2.1.6.Final
[0m[0m16:10:56,561 INFO  [org.jboss.msc] (main) JBoss MSC version 1.5.6.Final
[0m[0m16:10:56,655 INFO  [org.jboss.as] (MSC service thread 1-2) WFLYSRV0049: WildFly 39.0.1.Final (WildFly Core 31.0.3.Final) starting
[0m[0m16:10:57,299 INFO  [org.wildfly.security] (Controller Boot Thread) ELY00001: WildFly Elytron version 2.8.2.Final
[0m[0m16:10:57,873 INFO  [org.jboss.as.server] (Controller Boot Thread) WFLYSRV0039: Creating http management service using socket-binding (management-http)
[0m[0m16:10:57,883 INFO  [org.xnio] (MSC service thread 1-7) XNIO version 3.8.16.Final
[0m[0m16:10:57,891 INFO  [org.xnio.nio] (MSC service thread 1-7) XNIO NIO Implementation Version 3.8.16.Final
[0m[0m16:10:57,921 INFO  [org.wildfly.extension.elytron.oidc._private] (ServerService Thread Pool -- 54) WFLYOIDC0001: Activating WildFly Elytron OIDC Subsystem
[0m[0m16:10:57,927 INFO  [org.jboss.as.clustering.infinispan] (ServerService Thread Pool -- 56) WFLYCLINF0001: Activating Infinispan subsystem.
[0m[0m16:10:57,929 INFO  [org.wildfly.extension.health] (ServerService Thread Pool -- 55) WFLYHEALTH0001: Activating Base Health Subsystem
[0m[0m16:10:57,933 INFO  [org.wildfly.extension.microprofile.jwt.smallrye] (ServerService Thread Pool -- 67) WFLYJWT0001: Activating MicroProfile JWT Subsystem
[0m[0m16:10:57,935 INFO  [org.wildfly.extension.microprofile.config.smallrye] (ServerService Thread Pool -- 66) WFLYCONF0001: Activating MicroProfile Config Subsystem
[0m[0m16:10:57,936 INFO  [org.wildfly.extension.io] (ServerService Thread Pool -- 57) WFLYIO001: Worker 'default' has auto-configured to 24 IO threads with 192 max task threads based on your 12 available processors
[0m[0m16:10:57,940 INFO  [org.jboss.as.jaxrs] (ServerService Thread Pool -- 58) WFLYRS0016: RESTEasy version 6.2.15.Final
[0m[33m16:10:57,940 WARN  [org.jboss.as.txn] (ServerService Thread Pool -- 75) WFLYTX0013: The node-identifier attribute on the /subsystem=transactions is set to the default value. This is a danger for environments running multiple servers. Please make sure the attribute value is unique.
[0m[0m16:10:57,954 INFO  [org.jboss.as.naming] (ServerService Thread Pool -- 68) WFLYNAM0001: Activating Naming Subsystem
[0m[0m16:10:57,955 INFO  [org.jboss.as.jsf] (ServerService Thread Pool -- 63) WFLYJSF0007: Activated the following Jakarta Server Faces Implementations: [main]
[0m[0m16:10:57,956 INFO  [org.jboss.as.server.deployment] (MSC service thread 1-6) WFLYSRV0027: Starting deployment of "postgresql-42.7.8.jar" (runtime-name: "postgresql-42.7.8.jar")
[0m[0m16:10:57,958 INFO  [org.jboss.as.server.deployment] (MSC service thread 1-5) WFLYSRV0027: Starting deployment of "opi_lab3.war" (runtime-name: "opi_lab3.war")
[0m[0m16:10:57,959 INFO  [org.jboss.as.webservices] (ServerService Thread Pool -- 77) WFLYWS0002: Activating WebServices Extension
[0m[0m16:10:57,959 INFO  [org.wildfly.extension.metrics] (ServerService Thread Pool -- 65) WFLYMETRICS0001: Activating Base Metrics Subsystem
[0m[0m16:10:57,964 INFO  [org.jboss.as.connector] (MSC service thread 1-7) WFLYJCA0009: Starting Jakarta Connectors Subsystem (WildFly/IronJacamar 3.0.18.Final)
[0m[0m16:10:57,992 INFO  [org.jboss.remoting] (MSC service thread 1-4) JBoss Remoting version 5.0.31.Final
[0m[0m16:10:58,003 INFO  [org.jboss.as.connector.subsystems.datasources] (ServerService Thread Pool -- 45) WFLYJCA0004: Deploying JDBC-compliant driver class org.h2.Driver (version 2.2)
[0m[0m16:10:58,005 INFO  [org.jboss.as.naming] (MSC service thread 1-9) WFLYNAM0003: Starting Naming Service
[0m[0m16:10:58,006 INFO  [org.jboss.as.mail.extension] (MSC service thread 1-9) WFLYMAIL0001: Bound mail session [java:jboss/mail/Default]
[0m[0m16:10:58,011 INFO  [org.wildfly.extension.undertow] (MSC service thread 1-3) WFLYUT0003: Undertow 2.3.23.Final starting
[0m[0m16:10:58,012 INFO  [org.jboss.as.connector.deployers.jdbc] (MSC service thread 1-3) WFLYJCA0018: Started Driver service with driver-name = h2
[0m[0m16:10:58,043 INFO  [org.wildfly.extension.undertow] (ServerService Thread Pool -- 76) WFLYUT0112: The value 'require-host-http11' attribute in the '/subsystem=undertow/server=default-server/http-listener=default' resource is 'false', which will be ignored. The server now always enforces the RFC 9112 requirement that HTTP/1.1 request messages include a Host header.
[0m[0m16:10:58,056 INFO  [org.wildfly.extension.undertow] (ServerService Thread Pool -- 76) WFLYUT0112: The value 'require-host-http11' attribute in the '/subsystem=undertow/server=default-server/https-listener=https' resource is 'false', which will be ignored. The server now always enforces the RFC 9112 requirement that HTTP/1.1 request messages include a Host header.
[0m[33m16:10:58,061 WARN  [org.wildfly.extension.elytron] (MSC service thread 1-4) WFLYELY00023: KeyStore file '/home/maxkarn/Desktop/wildfly/wildfly-39.0.1.Final/standalone/configuration/application.keystore' does not exist. Used blank.
[0m[0m16:10:58,070 INFO  [org.jboss.as.ejb3] (MSC service thread 1-7) WFLYEJB0481: Strict pool slsb-strict-max-pool is using a max instance size of 192 (per class), which is derived from thread worker pool sizing.
[0m[0m16:10:58,070 INFO  [org.jboss.as.ejb3] (MSC service thread 1-8) WFLYEJB0482: Strict pool mdb-strict-max-pool is using a max instance size of 48 (per class), which is derived from the number of CPUs on this host.
[0m[33m16:10:58,073 WARN  [org.wildfly.extension.elytron] (MSC service thread 1-8) WFLYELY01084: KeyStore /home/maxkarn/Desktop/wildfly/wildfly-39.0.1.Final/standalone/configuration/application.keystore not found, it will be auto-generated on first use with a self-signed certificate for host localhost
[0m[0m16:10:58,100 INFO  [org.wildfly.extension.undertow] (ServerService Thread Pool -- 76) WFLYUT0014: Creating file handler for path '/home/maxkarn/Desktop/wildfly/wildfly-39.0.1.Final/welcome-content' with options [directory-listing: 'false', follow-symlink: 'false', case-sensitive: 'true', safe-symlink-paths: '[]']
[0m[0m16:10:58,114 INFO  [org.wildfly.extension.undertow] (MSC service thread 1-8) WFLYUT0012: Started server default-server.
[0m[0m16:10:58,117 INFO  [org.wildfly.extension.undertow] (MSC service thread 1-7) Queuing requests.
[0m[0m16:10:58,118 INFO  [org.wildfly.extension.undertow] (MSC service thread 1-7) WFLYUT0018: Host default-host starting
[0m[0m16:10:58,173 INFO  [org.wildfly.extension.undertow] (MSC service thread 1-8) WFLYUT0006: Undertow HTTP listener default listening on 127.0.0.1:8080
[0m[0m16:10:58,186 INFO  [org.jboss.as.ejb3] (MSC service thread 1-3) WFLYEJB0493: Jakarta Enterprise Beans subsystem suspension complete
[0m[0m16:10:58,232 INFO  [org.jboss.as.connector.subsystems.datasources] (MSC service thread 1-8) WFLYJCA0001: Bound data source [java:jboss/datasources/ExampleDS]
[0m[0m16:10:58,235 INFO  [org.wildfly.extension.undertow] (MSC service thread 1-6) WFLYUT0006: Undertow HTTPS listener https listening on 127.0.0.1:8443
[0m[0m16:10:58,242 INFO  [org.jboss.as.server.deployment.scanner] (MSC service thread 1-5) WFLYDS0013: Started FileSystemDeploymentService for directory /home/maxkarn/Desktop/wildfly/wildfly-39.0.1.Final/standalone/deployments
[0m[0m16:10:58,310 INFO  [org.jboss.ws.common.management] (MSC service thread 1-2) JBWS022052: Starting JBossWS 7.3.7.Final (Apache CXF 4.0.10) 
[0m[0m16:10:58,775 INFO  [org.jboss.as.connector.deployers.jdbc] (MSC service thread 1-5) WFLYJCA0005: Deploying non-JDBC-compliant driver class org.postgresql.Driver (version 42.7)
[0m[0m16:10:58,782 INFO  [org.jboss.as.connector.deployers.jdbc] (MSC service thread 1-6) WFLYJCA0018: Started Driver service with driver-name = postgresql-42.7.8.jar
[0m[0m16:11:00,371 INFO  [org.jboss.as.jpa] (MSC service thread 1-8) WFLYJPA0002: Read persistence.xml for Points
[0m[0m16:11:00,492 INFO  [org.jipijapa] (MSC service thread 1-3) JIPIORMV6020260: Second level cache enabled for opi_lab3.war#Points
[0m[0m16:11:00,662 INFO  [org.jboss.weld.deployer] (MSC service thread 1-6) WFLYWELD0003: Processing weld deployment opi_lab3.war
[0m[0m16:11:00,830 INFO  [org.infinispan.CONTAINER] (ServerService Thread Pool -- 79) ISPN000974: Virtual threads support: unavailable
[0m[0m16:11:00,879 INFO  [org.hibernate.validator.internal.util.Version] (MSC service thread 1-6) HV000001: Hibernate Validator 8.0.3.Final
[0m[0m16:11:01,219 INFO  [org.jipijapa] (MSC service thread 1-4) JIPIORMV6020260: Second level cache enabled for opi_lab3.war#Points
[0m[0m16:11:01,266 INFO  [org.infinispan.CONTAINER] (ServerService Thread Pool -- 79) ISPN000556: Starting user marshaller 'org.wildfly.clustering.cache.infinispan.marshalling.UserMarshaller'
[0m[0m16:11:01,456 INFO  [org.jboss.weld.Version] (MSC service thread 1-4) WELD-000900: 5.1.6 (Final)
[0m[0m16:11:01,645 INFO  [org.jboss.as.clustering.infinispan] (ServerService Thread Pool -- 79) Started hibernate cache container
[0m[0m16:11:01,650 INFO  [org.jboss.as.jpa] (ServerService Thread Pool -- 79) WFLYJPA0010: Starting Persistence Unit (phase 1 of 2) Service 'opi_lab3.war#Points'
[0m[0m16:11:01,666 INFO  [org.hibernate.jpa.internal.util.LogHelper] (ServerService Thread Pool -- 79) HHH000204: Processing PersistenceUnitInfo [name: Points]
[0m[0m16:11:01,719 INFO  [org.hibernate.Version] (ServerService Thread Pool -- 79) HHH000412: Hibernate ORM core version 6.6.40.Final
[0m[33m16:11:01,993 WARN  [org.hibernate.dialect.Dialect] (ServerService Thread Pool -- 79) HHH000511: The 2.2.224 version for [org.hibernate.dialect.PostgreSQLDialect] is no longer supported, hence certain features may not work properly. The minimum supported version is 12.0.0. Check the community dialects project for available legacy versions.
[0m[33m16:11:01,999 WARN  [org.hibernate.orm.deprecation] (ServerService Thread Pool -- 79) HHH90000025: PostgreSQLDialect does not need to be specified explicitly using 'hibernate.dialect' (remove the property setting and it will be selected by default)
[0m[0m16:11:02,012 INFO  [org.hibernate.orm.connections.pooling] (ServerService Thread Pool -- 79) HHH10001005: Database info:
	Database JDBC URL [Connecting through datasource 'org.jboss.as.connector.subsystems.datasources.WildFlyDataSource@57614e8e']
	Database driver: undefined/unknown
	Database version: 2.2.224
	Autocommit mode: undefined/unknown
	Isolation level: undefined/unknown
	Minimum pool size: undefined/unknown
	Maximum pool size: undefined/unknown
[0m[0m16:11:02,018 INFO  [org.hibernate.cache.internal.RegionFactoryInitiator] (ServerService Thread Pool -- 79) HHH000025: Second-level cache region factory [org.infinispan.hibernate.cache.v6.InfinispanRegionFactory]
[0m[0m16:11:02,094 INFO  [org.hibernate.envers.boot.internal.EnversServiceImpl] (ServerService Thread Pool -- 79) Envers integration enabled? : true
[0m[0m16:11:02,295 INFO  [org.jboss.as.jpa] (ServerService Thread Pool -- 79) WFLYJPA0010: Starting Persistence Unit (phase 2 of 2) Service 'opi_lab3.war#Points'
[0m[0m16:11:03,040 INFO  [stdout] (ServerService Thread Pool -- 79) Hibernate: 
[0m[0m16:11:03,040 INFO  [stdout] (ServerService Thread Pool -- 79)     create table points (
[0m[0m16:11:03,040 INFO  [stdout] (ServerService Thread Pool -- 79)         id bigint generated by default as identity,
[0m[0m16:11:03,041 INFO  [stdout] (ServerService Thread Pool -- 79)         created_at timestamp(6) with time zone not null,
[0m[0m16:11:03,041 INFO  [stdout] (ServerService Thread Pool -- 79)         hit boolean not null,
[0m[0m16:11:03,041 INFO  [stdout] (ServerService Thread Pool -- 79)         r float4 not null,
[0m[0m16:11:03,041 INFO  [stdout] (ServerService Thread Pool -- 79)         temperature float4,
[0m[0m16:11:03,041 INFO  [stdout] (ServerService Thread Pool -- 79)         x float4 not null,
[0m[0m16:11:03,041 INFO  [stdout] (ServerService Thread Pool -- 79)         y float4 not null,
[0m[0m16:11:03,041 INFO  [stdout] (ServerService Thread Pool -- 79)         primary key (id)
[0m[0m16:11:03,041 INFO  [stdout] (ServerService Thread Pool -- 79)     )
[0m[0m16:11:03,644 INFO  [jakarta.enterprise.resource.webcontainer.faces.config] (ServerService Thread Pool -- 90) Initializing Mojarra 4.0.13 for context '/opi_lab3'
[0m[0m16:11:04,321 INFO  [org.primefaces.webapp.PostConstructApplicationEventListener] (ServerService Thread Pool -- 90) Running on PrimeFaces 12.0.0
[0m[0m16:11:04,340 INFO  [org.wildfly.extension.undertow] (ServerService Thread Pool -- 90) WFLYUT0021: Registered web context: '/opi_lab3' for server 'default-server'
[0m[0m16:11:04,393 INFO  [org.jboss.as.server] (ServerService Thread Pool -- 46) WFLYSRV0010: Deployed "opi_lab3.war" (runtime-name : "opi_lab3.war")
[0m[0m16:11:04,394 INFO  [org.jboss.as.server] (ServerService Thread Pool -- 46) WFLYSRV0010: Deployed "postgresql-42.7.8.jar" (runtime-name : "postgresql-42.7.8.jar")
[0m[0m16:11:04,438 INFO  [org.jboss.as.server] (Controller Boot Thread) WFLYSRV0212: Resuming server
[0m[0m16:11:04,445 INFO  [org.jboss.as] (Controller Boot Thread) WFLYSRV0060: Http management interface listening on http://127.0.0.1:9990/management
[0m[0m16:11:04,445 INFO  [org.jboss.as] (Controller Boot Thread) WFLYSRV0051: Admin console listening on http://127.0.0.1:9990
[0m[0m16:11:04,448 INFO  [org.jboss.as] (Controller Boot Thread) WFLYSRV0025: WildFly 39.0.1.Final (WildFly Core 31.0.3.Final) started in 8663ms - Started 809 of 999 services (338 services are lazy, passive or on-demand) - Server configuration file in use: standalone.xml - Minimum feature stability level: community
[0m[0m16:11:04,570 INFO  [org.wildfly.extension.undertow] (ServerService Thread Pool -- 32) WFLYUT0022: Unregistered web context: '/opi_lab3' from server 'default-server'
[0m[31m16:11:04,577 SEVERE [jakarta.faces] (default task-2) Unable to obtain InjectionProvider from init time FacesContext. Does this container implement the Mojarra Injection SPI?
[0m[31m16:11:04,578 SEVERE [jakarta.faces] (default task-2) Application was not properly initialized at startup, could not find Factory: jakarta.faces.context.PartialViewContextFactory. Attempting to find backup.
[0m[31m16:11:04,583 SEVERE [jakarta.faces] (default task-2) Application was not properly initialized at startup, could not find Factory: jakarta.faces.context.PartialViewContextFactory. Attempting to find backup.
[0m[31m16:11:04,584 SEVERE [jakarta.faces] (default task-2) Application was not properly initialized at startup, could not find Factory: jakarta.faces.context.PartialViewContextFactory. Attempting to find backup.
[0m[0m16:11:04,584 INFO  [org.jboss.as.jpa] (ServerService Thread Pool -- 3) WFLYJPA0011: Stopping Persistence Unit (phase 2 of 2) Service 'opi_lab3.war#Points'
[0m[31m16:11:04,587 ERROR [io.undertow.request] (default task-2) UT005023: Exception handling request to /opi_lab3/: java.lang.IllegalStateException: CDI is not available
	at jakarta.faces.impl@4.0.13//com.sun.faces.util.Util.getCdiBeanManager(Util.java:1526)
	at jakarta.faces.impl@4.0.13//com.sun.faces.context.FacesContextImpl.release(FacesContextImpl.java:517)
	at jakarta.faces.impl@4.0.13//jakarta.faces.context.FacesContextWrapper.release(FacesContextWrapper.java:352)
	at deployment.opi_lab3.war//org.primefaces.context.PrimeFacesContext.release(PrimeFacesContext.java:130)
	at jakarta.faces.impl@4.0.13//jakarta.faces.webapp.FacesServlet.service(FacesServlet.java:452)
	at io.undertow.servlet@2.3.23.Final//io.undertow.servlet.handlers.ServletHandler.handleRequest(ServletHandler.java:74)
	at io.undertow.servlet@2.3.23.Final//io.undertow.servlet.handlers.security.ServletSecurityRoleHandler.handleRequest(ServletSecurityRoleHandler.java:62)
	at io.undertow.servlet@2.3.23.Final//io.undertow.servlet.handlers.ServletChain$1.handleRequest(ServletChain.java:68)
	at io.undertow.servlet@2.3.23.Final//io.undertow.servlet.handlers.ServletDispatchingHandler.handleRequest(ServletDispatchingHandler.java:36)
	at org.wildfly.security.elytron-web.undertow-server@4.1.2.Final//org.wildfly.elytron.web.undertow.server.ElytronRunAsHandler.lambda$handleRequest$1(ElytronRunAsHandler.java:68)
	at org.wildfly.security.elytron-base@2.8.2.Final//org.wildfly.security.auth.server.FlexibleIdentityAssociation.runAsFunctionEx(FlexibleIdentityAssociation.java:103)
	at org.wildfly.security.elytron-base@2.8.2.Final//org.wildfly.security.auth.server.Scoped.runAsFunctionEx(Scoped.java:161)
	at org.wildfly.security.elytron-base@2.8.2.Final//org.wildfly.security.auth.server.Scoped.runAs(Scoped.java:73)
	at org.wildfly.security.elytron-web.undertow-server@4.1.2.Final//org.wildfly.elytron.web.undertow.server.ElytronRunAsHandler.handleRequest(ElytronRunAsHandler.java:67)
	at io.undertow.servlet@2.3.23.Final//io.undertow.servlet.handlers.RedirectDirHandler.handleRequest(RedirectDirHandler.java:68)
	at io.undertow.servlet@2.3.23.Final//io.undertow.servlet.handlers.security.SSLInformationAssociationHandler.handleRequest(SSLInformationAssociationHandler.java:117)
	at io.undertow.servlet@2.3.23.Final//io.undertow.servlet.handlers.security.ServletAuthenticationCallHandler.handleRequest(ServletAuthenticationCallHandler.java:57)
	at io.undertow.core@2.3.23.Final//io.undertow.server.handlers.PredicateHandler.handleRequest(PredicateHandler.java:43)
	at io.undertow.core@2.3.23.Final//io.undertow.security.handlers.AbstractConfidentialityHandler.handleRequest(AbstractConfidentialityHandler.java:46)
	at io.undertow.servlet@2.3.23.Final//io.undertow.servlet.handlers.security.ServletConfidentialityConstraintHandler.handleRequest(ServletConfidentialityConstraintHandler.java:64)
	at io.undertow.core@2.3.23.Final//io.undertow.security.handlers.AbstractSecurityContextAssociationHandler.handleRequest(AbstractSecurityContextAssociationHandler.java:43)
	at org.wildfly.security.elytron-web.undertow-server-servlet@4.1.2.Final//org.wildfly.elytron.web.undertow.server.servlet.CleanUpHandler.handleRequest(CleanUpHandler.java:38)
	at io.undertow.core@2.3.23.Final//io.undertow.server.handlers.PredicateHandler.handleRequest(PredicateHandler.java:43)
	at org.wildfly.extension.undertow@39.0.1.Final//org.wildfly.extension.undertow.deployment.ControlPointDeploymentInfoConfigurator$ControlPointRequestAttributeHandler.handleRequest(ControlPointDeploymentInfoConfigurator.java:175)
	at org.wildfly.extension.undertow@39.0.1.Final//org.wildfly.extension.undertow.security.jacc.JACCContextIdHandler.handleRequest(JACCContextIdHandler.java:44)
	at io.undertow.core@2.3.23.Final//io.undertow.server.handlers.PredicateHandler.handleRequest(PredicateHandler.java:43)
	at io.undertow.servlet@2.3.23.Final//io.undertow.servlet.handlers.SendErrorPageHandler.handleRequest(SendErrorPageHandler.java:52)
	at io.undertow.core@2.3.23.Final//io.undertow.server.handlers.PredicateHandler.handleRequest(PredicateHandler.java:43)
	at io.undertow.servlet@2.3.23.Final//io.undertow.servlet.handlers.ServletInitialHandler.handleFirstRequest(ServletInitialHandler.java:271)
	at io.undertow.servlet@2.3.23.Final//io.undertow.servlet.handlers.ServletInitialHandler$1.call(ServletInitialHandler.java:130)
	at io.undertow.servlet@2.3.23.Final//io.undertow.servlet.handlers.ServletInitialHandler$1.call(ServletInitialHandler.java:127)
	at io.undertow.servlet@2.3.23.Final//io.undertow.servlet.core.ServletRequestContextThreadSetupAction$1.call(ServletRequestContextThreadSetupAction.java:48)
	at io.undertow.servlet@2.3.23.Final//io.undertow.servlet.core.ContextClassLoaderSetupAction$1.call(ContextClassLoaderSetupAction.java:43)
	at org.wildfly.extension.undertow@39.0.1.Final//org.wildfly.extension.undertow.deployment.ControlPointDeploymentInfoConfigurator$1.call(ControlPointDeploymentInfoConfigurator.java:100)
	at org.wildfly.extension.undertow@39.0.1.Final//org.wildfly.extension.undertow.deployment.UndertowDeploymentInfoService$UndertowThreadSetupAction.lambda$create$0(UndertowDeploymentInfoService.java:1431)
	at org.wildfly.extension.undertow@39.0.1.Final//org.wildfly.extension.undertow.deployment.UndertowDeploymentInfoService$UndertowThreadSetupAction.lambda$create$0(UndertowDeploymentInfoService.java:1431)
	at org.wildfly.extension.undertow@39.0.1.Final//org.wildfly.extension.undertow.deployment.UndertowDeploymentInfoService$UndertowThreadSetupAction.lambda$create$0(UndertowDeploymentInfoService.java:1431)
	at org.wildfly.extension.undertow@39.0.1.Final//org.wildfly.extension.undertow.deployment.UndertowDeploymentInfoService$UndertowThreadSetupAction.lambda$create$0(UndertowDeploymentInfoService.java:1431)
	at org.wildfly.extension.undertow@39.0.1.Final//org.wildfly.extension.undertow.deployment.UndertowDeploymentInfoService$UndertowThreadSetupAction.lambda$create$0(UndertowDeploymentInfoService.java:1431)
	at io.undertow.servlet@2.3.23.Final//io.undertow.servlet.handlers.ServletInitialHandler.dispatchRequest(ServletInitialHandler.java:251)
	at io.undertow.servlet@2.3.23.Final//io.undertow.servlet.handlers.ServletInitialHandler.handleRequest(ServletInitialHandler.java:171)
	at org.wildfly.extension.undertow@39.0.1.Final//org.wildfly.extension.undertow.deployment.ControlPointDeploymentInfoConfigurator.lambda$wrap$0(ControlPointDeploymentInfoConfigurator.java:86)
	at org.wildfly.extension.undertow@39.0.1.Final//org.wildfly.extension.undertow.deployment.ComponentStartupCountdownHandler.handleRequest(ComponentStartupCountdownHandler.java:39)
	at io.undertow.core@2.3.23.Final//io.undertow.server.handlers.HttpContinueReadHandler.handleRequest(HttpContinueReadHandler.java:69)
	at io.undertow.core@2.3.23.Final//io.undertow.server.handlers.PathHandler.handleRequest(PathHandler.java:104)
	at org.wildfly.extension.undertow@39.0.1.Final//org.wildfly.extension.undertow.Host$OptionsHandler.handleRequest(Host.java:397)
	at io.undertow.core@2.3.23.Final//io.undertow.server.handlers.HttpContinueReadHandler.handleRequest(HttpContinueReadHandler.java:69)
	at org.wildfly.extension.undertow@39.0.1.Final//org.wildfly.extension.undertow.Host$AcmeResourceHandler.handleRequest(Host.java:419)
	at io.undertow.core@2.3.23.Final//io.undertow.server.Connectors.executeRootHandler(Connectors.java:418)
	at io.undertow.core@2.3.23.Final//io.undertow.server.HttpServerExchange$1.run(HttpServerExchange.java:938)
	at org.jboss.threads@3.9.2//org.jboss.threads.ContextHandler$1.runWith(ContextHandler.java:18)
	at org.jboss.threads@3.9.2//org.jboss.threads.EnhancedQueueExecutor$Task.doRunWith(EnhancedQueueExecutor.java:2651)
	at org.jboss.threads@3.9.2//org.jboss.threads.EnhancedQueueExecutor$Task.run(EnhancedQueueExecutor.java:2630)
	at org.jboss.threads@3.9.2//org.jboss.threads.EnhancedQueueExecutor$ThreadBody.run(EnhancedQueueExecutor.java:1586)
	at org.jboss.xnio@3.8.16.Final//org.xnio.XnioWorker$WorkerThreadFactory$1$1.run(XnioWorker.java:1282)
	at java.base/java.lang.Thread.run(Thread.java:1583)

[0m[31m16:11:04,589 ERROR [io.undertow.request] (default task-2) UT005071: Undertow request failed HttpServerExchange{ GET /opi_lab3/}: java.lang.IllegalStateException: UT015023: This Context has been already destroyed
	at io.undertow.servlet@2.3.23.Final//io.undertow.servlet.spec.ServletContextImpl.getDeploymentInfo(ServletContextImpl.java:209)
	at io.undertow.servlet@2.3.23.Final//io.undertow.servlet.spec.ServletContextImpl.getContextPath(ServletContextImpl.java:215)
	at io.undertow.servlet@2.3.23.Final//io.undertow.servlet.spec.HttpServletRequestImpl.getContextPath(HttpServletRequestImpl.java:310)
	at io.undertow.servlet@2.3.23.Final//io.undertow.servlet.handlers.ServletDebugPageHandler.handleRequest(ServletDebugPageHandler.java:107)
	at io.undertow.servlet@2.3.23.Final//io.undertow.servlet.handlers.ServletInitialHandler.handleFirstRequest(ServletInitialHandler.java:316)
	at io.undertow.servlet@2.3.23.Final//io.undertow.servlet.handlers.ServletInitialHandler$1.call(ServletInitialHandler.java:130)
	at io.undertow.servlet@2.3.23.Final//io.undertow.servlet.handlers.ServletInitialHandler$1.call(ServletInitialHandler.java:127)
	at io.undertow.servlet@2.3.23.Final//io.undertow.servlet.core.ServletRequestContextThreadSetupAction$1.call(ServletRequestContextThreadSetupAction.java:48)
	at io.undertow.servlet@2.3.23.Final//io.undertow.servlet.core.ContextClassLoaderSetupAction$1.call(ContextClassLoaderSetupAction.java:43)
	at org.wildfly.extension.undertow@39.0.1.Final//org.wildfly.extension.undertow.deployment.ControlPointDeploymentInfoConfigurator$1.call(ControlPointDeploymentInfoConfigurator.java:100)
	at org.wildfly.extension.undertow@39.0.1.Final//org.wildfly.extension.undertow.deployment.UndertowDeploymentInfoService$UndertowThreadSetupAction.lambda$create$0(UndertowDeploymentInfoService.java:1431)
	at org.wildfly.extension.undertow@39.0.1.Final//org.wildfly.extension.undertow.deployment.UndertowDeploymentInfoService$UndertowThreadSetupAction.lambda$create$0(UndertowDeploymentInfoService.java:1431)
	at org.wildfly.extension.undertow@39.0.1.Final//org.wildfly.extension.undertow.deployment.UndertowDeploymentInfoService$UndertowThreadSetupAction.lambda$create$0(UndertowDeploymentInfoService.java:1431)
	at org.wildfly.extension.undertow@39.0.1.Final//org.wildfly.extension.undertow.deployment.UndertowDeploymentInfoService$UndertowThreadSetupAction.lambda$create$0(UndertowDeploymentInfoService.java:1431)
	at org.wildfly.extension.undertow@39.0.1.Final//org.wildfly.extension.undertow.deployment.UndertowDeploymentInfoService$UndertowThreadSetupAction.lambda$create$0(UndertowDeploymentInfoService.java:1431)
	at io.undertow.servlet@2.3.23.Final//io.undertow.servlet.handlers.ServletInitialHandler.dispatchRequest(ServletInitialHandler.java:251)
	at io.undertow.servlet@2.3.23.Final//io.undertow.servlet.handlers.ServletInitialHandler.handleRequest(ServletInitialHandler.java:171)
	at org.wildfly.extension.undertow@39.0.1.Final//org.wildfly.extension.undertow.deployment.ControlPointDeploymentInfoConfigurator.lambda$wrap$0(ControlPointDeploymentInfoConfigurator.java:86)
	at org.wildfly.extension.undertow@39.0.1.Final//org.wildfly.extension.undertow.deployment.ComponentStartupCountdownHandler.handleRequest(ComponentStartupCountdownHandler.java:39)
	at io.undertow.core@2.3.23.Final//io.undertow.server.handlers.HttpContinueReadHandler.handleRequest(HttpContinueReadHandler.java:69)
	at io.undertow.core@2.3.23.Final//io.undertow.server.handlers.PathHandler.handleRequest(PathHandler.java:104)
	at org.wildfly.extension.undertow@39.0.1.Final//org.wildfly.extension.undertow.Host$OptionsHandler.handleRequest(Host.java:397)
	at io.undertow.core@2.3.23.Final//io.undertow.server.handlers.HttpContinueReadHandler.handleRequest(HttpContinueReadHandler.java:69)
	at org.wildfly.extension.undertow@39.0.1.Final//org.wildfly.extension.undertow.Host$AcmeResourceHandler.handleRequest(Host.java:419)
	at io.undertow.core@2.3.23.Final//io.undertow.server.Connectors.executeRootHandler(Connectors.java:418)
	at io.undertow.core@2.3.23.Final//io.undertow.server.HttpServerExchange$1.run(HttpServerExchange.java:938)
	at org.jboss.threads@3.9.2//org.jboss.threads.ContextHandler$1.runWith(ContextHandler.java:18)
	at org.jboss.threads@3.9.2//org.jboss.threads.EnhancedQueueExecutor$Task.doRunWith(EnhancedQueueExecutor.java:2651)
	at org.jboss.threads@3.9.2//org.jboss.threads.EnhancedQueueExecutor$Task.run(EnhancedQueueExecutor.java:2630)
	at org.jboss.threads@3.9.2//org.jboss.threads.EnhancedQueueExecutor$ThreadBody.run(EnhancedQueueExecutor.java:1586)
	at org.jboss.xnio@3.8.16.Final//org.xnio.XnioWorker$WorkerThreadFactory$1$1.run(XnioWorker.java:1282)
	at java.base/java.lang.Thread.run(Thread.java:1583)

[0m[0m16:11:04,590 INFO  [org.jboss.as.jpa] (ServerService Thread Pool -- 3) WFLYJPA0011: Stopping Persistence Unit (phase 1 of 2) Service 'opi_lab3.war#Points'
[0m[0m16:11:04,601 INFO  [org.jboss.as.clustering.infinispan] (ServerService Thread Pool -- 3) Stopped hibernate cache container
[0m[0m16:11:04,621 INFO  [org.jboss.as.server.deployment] (MSC service thread 1-8) WFLYSRV0028: Stopped deployment opi_lab3.war (runtime-name: opi_lab3.war) in 56ms
[0m[0m16:11:04,628 INFO  [org.jboss.as.server.deployment] (MSC service thread 1-8) WFLYSRV0027: Starting deployment of "opi_lab3.war" (runtime-name: "opi_lab3.war")
[0m[0m16:11:06,016 INFO  [org.jboss.as.jpa] (MSC service thread 1-8) WFLYJPA0002: Read persistence.xml for Points
[0m[0m16:11:06,075 INFO  [org.jipijapa] (MSC service thread 1-7) JIPIORMV6020260: Second level cache enabled for opi_lab3.war#Points
[0m[0m16:11:06,137 INFO  [org.jboss.weld.deployer] (MSC service thread 1-2) WFLYWELD0003: Processing weld deployment opi_lab3.war
[0m[0m16:11:06,139 INFO  [org.infinispan.CONTAINER] (ServerService Thread Pool -- 3) ISPN000556: Starting user marshaller 'org.wildfly.clustering.cache.infinispan.marshalling.UserMarshaller'
[0m[0m16:11:06,229 INFO  [org.jboss.as.clustering.infinispan] (ServerService Thread Pool -- 3) Started hibernate cache container
[0m[0m16:11:06,232 INFO  [org.jboss.as.jpa] (ServerService Thread Pool -- 3) WFLYJPA0010: Starting Persistence Unit (phase 1 of 2) Service 'opi_lab3.war#Points'
[0m[0m16:11:06,232 INFO  [org.hibernate.jpa.internal.util.LogHelper] (ServerService Thread Pool -- 3) HHH000204: Processing PersistenceUnitInfo [name: Points]
[0m[0m16:11:06,239 INFO  [org.jipijapa] (MSC service thread 1-8) JIPIORMV6020260: Second level cache enabled for opi_lab3.war#Points
[0m[33m16:11:06,242 WARN  [org.hibernate.dialect.Dialect] (ServerService Thread Pool -- 3) HHH000511: The 2.2.224 version for [org.hibernate.dialect.PostgreSQLDialect] is no longer supported, hence certain features may not work properly. The minimum supported version is 12.0.0. Check the community dialects project for available legacy versions.
[0m[33m16:11:06,242 WARN  [org.hibernate.orm.deprecation] (ServerService Thread Pool -- 3) HHH90000025: PostgreSQLDialect does not need to be specified explicitly using 'hibernate.dialect' (remove the property setting and it will be selected by default)
[0m[0m16:11:06,243 INFO  [org.hibernate.orm.connections.pooling] (ServerService Thread Pool -- 3) HHH10001005: Database info:
	Database JDBC URL [Connecting through datasource 'org.jboss.as.connector.subsystems.datasources.WildFlyDataSource@57614e8e']
	Database driver: undefined/unknown
	Database version: 2.2.224
	Autocommit mode: undefined/unknown
	Isolation level: undefined/unknown
	Minimum pool size: undefined/unknown
	Maximum pool size: undefined/unknown
[0m[0m16:11:06,243 INFO  [org.hibernate.cache.internal.RegionFactoryInitiator] (ServerService Thread Pool -- 3) HHH000025: Second-level cache region factory [org.infinispan.hibernate.cache.v6.InfinispanRegionFactory]
[0m[0m16:11:06,247 INFO  [org.hibernate.envers.boot.internal.EnversServiceImpl] (ServerService Thread Pool -- 3) Envers integration enabled? : true
[0m[0m16:11:06,398 INFO  [org.jboss.as.jpa] (ServerService Thread Pool -- 3) WFLYJPA0010: Starting Persistence Unit (phase 2 of 2) Service 'opi_lab3.war#Points'
[0m[0m16:11:06,617 INFO  [jakarta.enterprise.resource.webcontainer.faces.config] (ServerService Thread Pool -- 3) Initializing Mojarra 4.0.13 for context '/opi_lab3'
[0m[0m16:11:06,952 INFO  [org.primefaces.webapp.PostConstructApplicationEventListener] (ServerService Thread Pool -- 3) Running on PrimeFaces 12.0.0
[0m[0m16:11:06,954 INFO  [org.wildfly.extension.undertow] (ServerService Thread Pool -- 3) WFLYUT0021: Registered web context: '/opi_lab3' for server 'default-server'
[0m[0m16:11:06,992 INFO  [org.jboss.as.server] (ServerService Thread Pool -- 90) WFLYSRV0016: Replaced deployment "opi_lab3.war" with deployment "opi_lab3.war"
[0m[33m16:12:23,287 WARN  [org.jboss.weld.Servlet] (default task-2) WELD-000714: HttpContextLifecycle guard leak detected. The Servlet container is not fully compliant. The value was 1
[0m[0m16:12:31,832 INFO  [stdout] (default task-6) Hibernate: 
[0m[0m16:12:31,833 INFO  [stdout] (default task-6)     select
[0m[0m16:12:31,833 INFO  [stdout] (default task-6)         pe1_0.id,
[0m[0m16:12:31,833 INFO  [stdout] (default task-6)         pe1_0.created_at,
[0m[0m16:12:31,833 INFO  [stdout] (default task-6)         pe1_0.hit,
[0m[0m16:12:31,833 INFO  [stdout] (default task-6)         pe1_0.r,
[0m[0m16:12:31,833 INFO  [stdout] (default task-6)         pe1_0.temperature,
[0m[0m16:12:31,833 INFO  [stdout] (default task-6)         pe1_0.x,
[0m[0m16:12:31,833 INFO  [stdout] (default task-6)         pe1_0.y 
[0m[0m16:12:31,833 INFO  [stdout] (default task-6)     from
[0m[0m16:12:31,833 INFO  [stdout] (default task-6)         points pe1_0 
[0m[0m16:12:31,833 INFO  [stdout] (default task-6)     order by
[0m[0m16:12:31,833 INFO  [stdout] (default task-6)         pe1_0.created_at desc
[0m[0m16:12:35,640 INFO  [stdout] (default task-3) Hibernate: 
[0m[0m16:12:35,641 INFO  [stdout] (default task-3)     insert 
[0m[0m16:12:35,641 INFO  [stdout] (default task-3)     into
[0m[0m16:12:35,641 INFO  [stdout] (default task-3)         points
[0m[0m16:12:35,641 INFO  [stdout] (default task-3)         (created_at, hit, r, temperature, x, y) 
[0m[0m16:12:35,641 INFO  [stdout] (default task-3)     values
[0m[0m16:12:35,641 INFO  [stdout] (default task-3)         (?, ?, ?, ?, ?, ?)
[0m[0m16:12:35,780 INFO  [stdout] (default task-3) Hibernate: 
[0m[0m16:12:35,781 INFO  [stdout] (default task-3)     insert 
[0m[0m16:12:35,781 INFO  [stdout] (default task-3)     into
[0m[0m16:12:35,781 INFO  [stdout] (default task-3)         points
[0m[0m16:12:35,781 INFO  [stdout] (default task-3)         (created_at, hit, r, temperature, x, y) 
[0m[0m16:12:35,781 INFO  [stdout] (default task-3)     values
[0m[0m16:12:35,781 INFO  [stdout] (default task-3)         (?, ?, ?, ?, ?, ?)
[0m[0m16:12:36,062 INFO  [stdout] (default task-3) Hibernate: 
[0m[0m16:12:36,062 INFO  [stdout] (default task-3)     insert 
[0m[0m16:12:36,062 INFO  [stdout] (default task-3)     into
[0m[0m16:12:36,063 INFO  [stdout] (default task-3)         points
[0m[0m16:12:36,063 INFO  [stdout] (default task-3)         (created_at, hit, r, temperature, x, y) 
[0m[0m16:12:36,063 INFO  [stdout] (default task-3)     values
[0m[0m16:12:36,063 INFO  [stdout] (default task-3)         (?, ?, ?, ?, ?, ?)
[0m[0m16:12:36,289 INFO  [stdout] (default task-3) Hibernate: 
[0m[0m16:12:36,290 INFO  [stdout] (default task-3)     insert 
[0m[0m16:12:36,290 INFO  [stdout] (default task-3)     into
[0m[0m16:12:36,290 INFO  [stdout] (default task-3)         points
[0m[0m16:12:36,290 INFO  [stdout] (default task-3)         (created_at, hit, r, temperature, x, y) 
[0m[0m16:12:36,290 INFO  [stdout] (default task-3)     values
[0m[0m16:12:36,290 INFO  [stdout] (default task-3)         (?, ?, ?, ?, ?, ?)
[0m[0m16:12:58,871 INFO  [org.jboss.as.server] (Thread-1) WFLYSRV0272: Suspending server
[0m[0m16:12:58,875 INFO  [org.jboss.as.ejb3] (Thread-1) WFLYEJB0493: Jakarta Enterprise Beans subsystem suspension complete
[0m[0m16:12:58,878 INFO  [org.jboss.as.server] (Thread-1) WFLYSRV0220: Server shutdown has been requested via an OS signal
[0m[0m16:12:58,886 INFO  [org.jboss.as.connector.deployers.jdbc] (MSC service thread 1-5) WFLYJCA0019: Stopped Driver service with driver-name = postgresql-42.7.8.jar
[0m[0m16:12:58,891 INFO  [org.wildfly.extension.undertow] (ServerService Thread Pool -- 93) WFLYUT0022: Unregistered web context: '/opi_lab3' from server 'default-server'
[0m[31m16:12:58,898 SEVERE [jakarta.faces] (ServerService Thread Pool -- 93) Unable to obtain InjectionProvider from init time FacesContext. Does this container implement the Mojarra Injection SPI?
[0m[31m16:12:58,899 SEVERE [jakarta.faces] (ServerService Thread Pool -- 93) Unable to call @PreDestroy annotated methods because no InjectionProvider can be found. Does this container implement the Mojarra Injection SPI?
[0m[0m16:12:58,900 INFO  [org.jboss.as.mail.extension] (MSC service thread 1-3) WFLYMAIL0002: Unbound mail session [java:jboss/mail/Default]
[0m[0m16:12:58,908 INFO  [org.wildfly.extension.undertow] (MSC service thread 1-9) WFLYUT0019: Host default-host stopping
[0m[0m16:12:58,920 INFO  [org.jboss.as.server.deployment] (MSC service thread 1-5) WFLYSRV0028: Stopped deployment postgresql-42.7.8.jar (runtime-name: postgresql-42.7.8.jar) in 34ms
[0m[0m16:12:58,923 INFO  [org.jboss.as.jpa] (ServerService Thread Pool -- 98) WFLYJPA0011: Stopping Persistence Unit (phase 2 of 2) Service 'opi_lab3.war#Points'
[0m[0m16:12:58,926 INFO  [org.jboss.as.jpa] (ServerService Thread Pool -- 98) WFLYJPA0011: Stopping Persistence Unit (phase 1 of 2) Service 'opi_lab3.war#Points'
[0m[0m16:12:58,929 INFO  [org.jboss.as.connector.subsystems.datasources] (MSC service thread 1-6) WFLYJCA0010: Unbound data source [java:jboss/datasources/ExampleDS]
[0m[0m16:12:58,933 INFO  [org.jboss.as.clustering.infinispan] (ServerService Thread Pool -- 98) Stopped hibernate cache container
[0m[0m16:12:58,934 INFO  [org.jboss.as.connector.deployers.jdbc] (MSC service thread 1-3) WFLYJCA0019: Stopped Driver service with driver-name = h2
[0m[0m16:12:58,935 INFO  [org.wildfly.extension.undertow] (MSC service thread 1-9) WFLYUT0008: Undertow HTTP listener default suspending
[0m[0m16:12:58,935 INFO  [org.wildfly.extension.undertow] (MSC service thread 1-4) WFLYUT0008: Undertow HTTPS listener https suspending
[0m[0m16:12:58,937 INFO  [org.wildfly.extension.undertow] (MSC service thread 1-9) WFLYUT0007: Undertow HTTP listener default stopped, was bound to 127.0.0.1:8080
[0m[0m16:12:58,937 INFO  [org.wildfly.extension.undertow] (MSC service thread 1-4) WFLYUT0007: Undertow HTTPS listener https stopped, was bound to 127.0.0.1:8443
[0m[0m16:12:58,939 INFO  [org.wildfly.extension.undertow] (MSC service thread 1-5) WFLYUT0004: Undertow 2.3.23.Final stopping
[0m[0m16:12:58,966 INFO  [org.jboss.as.server.deployment] (MSC service thread 1-2) WFLYSRV0028: Stopped deployment opi_lab3.war (runtime-name: opi_lab3.war) in 82ms
[0m[0m16:12:58,976 INFO  [org.jboss.as] (MSC service thread 1-5) WFLYSRV0050: WildFly 39.0.1.Final (WildFly Core 31.0.3.Final) stopped in 93ms
[0m